(---------------------------------------------------------------------)
(                                                                     )
(    Shape Island Report                                              )
(                                                                     )
(    Drawing          : B07_0616.brd                                  )
(    Software Version : 17.2S073                                      )
(    Date/Time        : Fri Jun 16 10:17:51 2023                      )
(                                                                     )
(---------------------------------------------------------------------)


  Total islands on design: 8


  <<<  ETCH  >>>

    Layer = BOTTOM
	Point on shape: (71.2602 54.2400)  Net: GND
	Point on shape: (70.4302 48.6955)  Net: GND
	Point on shape: (70.4302 46.1355)  Net: GND
	Point on shape: (34.5593 29.8602)  Net: GND
	Point on shape: (71.2602 24.2400)  Net: GND
	Point on shape: (70.4302 21.2555)  Net: GND
	Point on shape: (70.4302 16.1355)  Net: GND
	Point on shape: (70.4302 18.6955)  Net: GND
