(---------------------------------------------------------------------)
(                                                                     )
(    Allegro Netrev Import Logic                                      )
(                                                                     )
(    Drawing          : DA COMBERTER.brd                              )
(    Software Version : 17.2S073                                      )
(    Date/Time        : Thu Sep 01 17:25:30 2022                      )
(                                                                     )
(---------------------------------------------------------------------)


------ Directives ------------

Ripup etch:                  No
Ripup delete first segment:  No
Ripup retain bondwire:       No
Ripup symbols:               Always
Missing symbol has error:    No
DRC update:                  Yes
Schematic directory:         'D:\OR CAD\2022 PSPICE DINON\allegro'
Design Directory:            'D:/OR CAD/2022 PSPICE DINON/allegro'
Old design name:             'D:/OR CAD/2022 PSPICE DINON/allegro/DA COMBERTER.brd'
New design name:             'D:/OR CAD/2022 PSPICE DINON/allegro/DA COMBERTER.brd'

CmdLine: netrev.exe -y 1 -n -i D:\OR CAD\2022 PSPICE DINON\allegro D:\OR CAD\2022 PSPICE DINON\allegro\DA COMBERTER.brd D:\OR CAD\2022 PSPICE DINON\allegro\DA COMBERTER.brd

------ Preparing to read pst files ------

Starting to read D:/OR CAD/2022 PSPICE DINON/allegro/pstchip.dat 
   Finished reading D:/OR CAD/2022 PSPICE DINON/allegro/pstchip.dat (00:00:00.05)
Starting to read D:/OR CAD/2022 PSPICE DINON/allegro/pstxprt.dat 
   Finished reading D:/OR CAD/2022 PSPICE DINON/allegro/pstxprt.dat (00:00:00.00)
Starting to read D:/OR CAD/2022 PSPICE DINON/allegro/pstxnet.dat 
   Finished reading D:/OR CAD/2022 PSPICE DINON/allegro/pstxnet.dat (00:00:00.00)

------ Oversights/Warnings/Errors ------


#1   WARNING(SPMHNI-192): Device/Symbol check warning detected. [help]

ERROR(SPMHNI-196): Symbol 'DIP14_3' for device '74LS90_1_DIP14_3_74LS90' has extra pin '4'.

ERROR(SPMHNI-196): Symbol 'DIP14_3' for device '74LS90_1_DIP14_3_74LS90' has extra pin '13'.

#2   WARNING(SPMHNI-192): Device/Symbol check warning detected. [help]

ERROR(SPMHNI-196): Symbol 'DIP8_3' for device 'LM741_1_DIP8_3_LM741' has extra pin '8'.

#3   WARNING(SPMHNI-192): Device/Symbol check warning detected. [help]

ERROR(SPMHNI-196): Symbol 'DIP8_3' for device 'LM741_2_DIP8_3_LM741' has extra pin '8'.

------ Library Paths ------
MODULEPATH =  . 
           C:/Cadence/SPB_17.2/share/local/pcb/modules 

PSMPATH =  . 
           symbols 
           .. 
           ../symbols 
           C:/Cadence/SPB_17.2/share/local/pcb/symbols 
           C:/Cadence/SPB_17.2/share/pcb/pcb_lib/symbols 
           C:/Cadence/SPB_17.2/share/pcb/allegrolib/symbols 

PADPATH =  . 
           symbols 
           .. 
           ../symbols 
           C:/Cadence/SPB_17.2/share/local/pcb/padstacks 
           C:/Cadence/SPB_17.2/share/pcb/pcb_lib/symbols 
           C:/Cadence/SPB_17.2/share/pcb/allegrolib/symbols 


------ Summary Statistics ------


netrev run on Sep 1 17:25:30 2022
   DESIGN NAME : 'DA COMBERTER'
   PACKAGING ON Dec 21 2020 02:31:59

   COMPILE 'logic'
   CHECK_PIN_NAMES OFF
   CROSS_REFERENCE OFF
   FEEDBACK OFF
   INCREMENTAL OFF
   INTERFACE_TYPE PHYSICAL
   MAX_ERRORS 500
   MERGE_MINIMUM 5
   NET_NAME_CHARS '#%&()*+-./:=>?@[]^_`|'
   NET_NAME_LENGTH 24
   OVERSIGHTS ON
   REPLACE_CHECK OFF
   SINGLE_NODE_NETS ON
   SPLIT_MINIMUM 0
   SUPPRESS   20
   WARNINGS ON

 No error detected
 No oversight detected
  3 warnings detected

cpu time      0:01:51
elapsed time  0:00:00

